
> react-kavia@0.1.0 start
> cross-env EDIT_MODE=true webpack serve --config .ve/webpack.config.js --mode development

<i> [webpack-dev-server] Project is running at:
<i> [webpack-dev-server] Loopback: http://localhost:3000/, http://[::1]:3000/
<i> [webpack-dev-server] On Your Network (IPv4): http://172.17.0.2:3000/
<i> [webpack-dev-server] Content not from webpack is served from './public' directory
Injecting EditorRootWrapper import: ../.ve/EditorRootWrapper
asset bundle.js 1.38 MiB [emitted] (name: main)
asset index.html 1.92 KiB [emitted]
runtime modules 27.5 KiB 14 modules
modules by path ./node_modules/ 1.24 MiB 31 modules
modules by path ./.ve/ 15.1 KiB
  modules by path ./.ve/*.js 10.6 KiB 2 modules
  modules by path ./.ve/*.css 2.93 KiB 2 modules
  ./.ve/EditorOverlay.jsx 1.58 KiB [built] [code generated]
modules by path ./src/ 3.64 KiB
  modules by path ./src/*.js 569 bytes
    ./src/index.js 530 bytes [built] [code generated]
    ./src/App.js 39 bytes [built] [code generated] [1 error]
  modules by path ./src/*.css 3.08 KiB
    ./src/index.css 2.23 KiB [built] [code generated]
    ./node_modules/css-loader/dist/cjs.js!./src/index.css 875 bytes [built] [code generated]

ERROR in ./src/App.js
Module build failed (from ./node_modules/babel-loader/lib/index.js):
SyntaxError: /home/kavia/workspace/code-generation/travelsmart-ai-72-e2071575/travelsmart_ai/src/App.js: Identifier 'Router' has already been declared. (22:26)

  20 | import './App.css';
  21 |
> 22 | import { BrowserRouter as Router, Routes, Route, Link } from 'react-router-dom';
     |                           ^
  23 | import './App.css';
  24 | import HomePage from './pages/HomePage';
  25 | import ItineraryPage from './pages/ItineraryPage';
    at constructor (/home/kavia/workspace/code-generation/travelsmart-ai-72-e2071575/travelsmart_ai/node_modules/@babel/parser/lib/index.js:363:19)
    at JSXParserMixin.raise (/home/kavia/workspace/code-generation/travelsmart-ai-72-e2071575/travelsmart_ai/node_modules/@babel/parser/lib/index.js:6609:19)
    at ScopeHandler.checkRedeclarationInScope (/home/kavia/workspace/code-generation/travelsmart-ai-72-e2071575/travelsmart_ai/node_modules/@babel/parser/lib/index.js:1626:19)
    at ScopeHandler.declareName (/home/kavia/workspace/code-generation/travelsmart-ai-72-e2071575/travelsmart_ai/node_modules/@babel/parser/lib/index.js:1592:12)
    at JSXParserMixin.declareNameFromIdentifier (/home/kavia/workspace/code-generation/travelsmart-ai-72-e2071575/travelsmart_ai/node_modules/@babel/parser/lib/index.js:7538:16)
    at JSXParserMixin.checkIdentifier (/home/kavia/workspace/code-generation/travelsmart-ai-72-e2071575/travelsmart_ai/node_modules/@babel/parser/lib/index.js:7534:12)
    at JSXParserMixin.checkLVal (/home/kavia/workspace/code-generation/travelsmart-ai-72-e2071575/travelsmart_ai/node_modules/@babel/parser/lib/index.js:7475:12)
    at JSXParserMixin.finishImportSpecifier (/home/kavia/workspace/code-generation/travelsmart-ai-72-e2071575/travelsmart_ai/node_modules/@babel/parser/lib/index.js:14184:10)
    at JSXParserMixin.parseImportSpecifier (/home/kavia/workspace/code-generation/travelsmart-ai-72-e2071575/travelsmart_ai/node_modules/@babel/parser/lib/index.js:14341:17)
    at JSXParserMixin.parseNamedImportSpecifiers (/home/kavia/workspace/code-generation/travelsmart-ai-72-e2071575/travelsmart_ai/node_modules/@babel/parser/lib/index.js:14320:36)
    at JSXParserMixin.parseImportSpecifiersAndAfter (/home/kavia/workspace/code-generation/travelsmart-ai-72-e2071575/travelsmart_ai/node_modules/@babel/parser/lib/index.js:14160:37)
    at JSXParserMixin.parseImport (/home/kavia/workspace/code-generation/travelsmart-ai-72-e2071575/travelsmart_ai/node_modules/@babel/parser/lib/index.js:14153:17)
    at JSXParserMixin.parseStatementContent (/home/kavia/workspace/code-generation/travelsmart-ai-72-e2071575/travelsmart_ai/node_modules/@babel/parser/lib/index.js:12795:27)
    at JSXParserMixin.parseStatementLike (/home/kavia/workspace/code-generation/travelsmart-ai-72-e2071575/travelsmart_ai/node_modules/@babel/parser/lib/index.js:12685:17)
    at JSXParserMixin.parseModuleItem (/home/kavia/workspace/code-generation/travelsmart-ai-72-e2071575/travelsmart_ai/node_modules/@babel/parser/lib/index.js:12662:17)
    at JSXParserMixin.parseBlockOrModuleBlockBody (/home/kavia/workspace/code-generation/travelsmart-ai-72-e2071575/travelsmart_ai/node_modules/@babel/parser/lib/index.js:13235:36)
    at JSXParserMixin.parseBlockBody (/home/kavia/workspace/code-generation/travelsmart-ai-72-e2071575/travelsmart_ai/node_modules/@babel/parser/lib/index.js:13228:10)
    at JSXParserMixin.parseProgram (/home/kavia/workspace/code-generation/travelsmart-ai-72-e2071575/travelsmart_ai/node_modules/@babel/parser/lib/index.js:12541:10)
    at JSXParserMixin.parseTopLevel (/home/kavia/workspace/code-generation/travelsmart-ai-72-e2071575/travelsmart_ai/node_modules/@babel/parser/lib/index.js:12531:25)
    at JSXParserMixin.parse (/home/kavia/workspace/code-generation/travelsmart-ai-72-e2071575/travelsmart_ai/node_modules/@babel/parser/lib/index.js:14410:10)
    at parse (/home/kavia/workspace/code-generation/travelsmart-ai-72-e2071575/travelsmart_ai/node_modules/@babel/parser/lib/index.js:14444:38)
    at parser (/home/kavia/workspace/code-generation/travelsmart-ai-72-e2071575/travelsmart_ai/node_modules/@babel/core/lib/parser/index.js:41:34)
    at parser.next (<anonymous>)
    at normalizeFile (/home/kavia/workspace/code-generation/travelsmart-ai-72-e2071575/travelsmart_ai/node_modules/@babel/core/lib/transformation/normalize-file.js:64:37)
    at normalizeFile.next (<anonymous>)
    at run (/home/kavia/workspace/code-generation/travelsmart-ai-72-e2071575/travelsmart_ai/node_modules/@babel/core/lib/transformation/index.js:22:50)
    at run.next (<anonymous>)
    at transform (/home/kavia/workspace/code-generation/travelsmart-ai-72-e2071575/travelsmart_ai/node_modules/@babel/core/lib/transform.js:22:33)
    at transform.next (<anonymous>)
    at step (/home/kavia/workspace/code-generation/travelsmart-ai-72-e2071575/travelsmart_ai/node_modules/gensync/index.js:261:32)
    at /home/kavia/workspace/code-generation/travelsmart-ai-72-e2071575/travelsmart_ai/node_modules/gensync/index.js:273:13
    at async.call.result.err.err (/home/kavia/workspace/code-generation/travelsmart-ai-72-e2071575/travelsmart_ai/node_modules/gensync/index.js:223:11)
 @ ./src/index.js 5:0-24 11:32-35

webpack 5.99.9 compiled with 1 error in 1425 ms
assets by status 1.92 KiB [cached] 1 asset
assets by path *.js 1.38 MiB
  asset bundle.js 1.38 MiB [emitted] (name: main)
  asset main.0bd9a3e5218c2a32934e.hot-update.js 854 bytes [emitted] [immutable] [hmr] (name: main)
asset main.0bd9a3e5218c2a32934e.hot-update.json 28 bytes [emitted] [immutable] [hmr]
Entrypoint main 1.38 MiB = bundle.js 1.38 MiB main.0bd9a3e5218c2a32934e.hot-update.js 854 bytes
cached modules 1.26 MiB [cached] 39 modules
runtime modules 27.5 KiB 14 modules
./src/App.js 39 bytes [built] [1 error]

ERROR in ./src/App.js
Module build failed (from ./node_modules/babel-loader/lib/index.js):
SyntaxError: /home/kavia/workspace/code-generation/travelsmart-ai-72-e2071575/travelsmart_ai/src/App.js: Identifier 'Router' has already been declared. (22:26)

  20 | import './App.css';
  21 |
> 22 | import { BrowserRouter as Router, Routes, Route, Link } from 'react-router-dom';
     |                           ^
  23 | import './App.css';
  24 | import HomePage from './pages/HomePage';
  25 | import ItineraryPage from './pages/ItineraryPage';
    at constructor (/home/kavia/workspace/code-generation/travelsmart-ai-72-e2071575/travelsmart_ai/node_modules/@babel/parser/lib/index.js:363:19)
    at JSXParserMixin.raise (/home/kavia/workspace/code-generation/travelsmart-ai-72-e2071575/travelsmart_ai/node_modules/@babel/parser/lib/index.js:6609:19)
    at ScopeHandler.checkRedeclarationInScope (/home/kavia/workspace/code-generation/travelsmart-ai-72-e2071575/travelsmart_ai/node_modules/@babel/parser/lib/index.js:1626:19)
    at ScopeHandler.declareName (/home/kavia/workspace/code-generation/travelsmart-ai-72-e2071575/travelsmart_ai/node_modules/@babel/parser/lib/index.js:1592:12)
    at JSXParserMixin.declareNameFromIdentifier (/home/kavia/workspace/code-generation/travelsmart-ai-72-e2071575/travelsmart_ai/node_modules/@babel/parser/lib/index.js:7538:16)
    at JSXParserMixin.checkIdentifier (/home/kavia/workspace/code-generation/travelsmart-ai-72-e2071575/travelsmart_ai/node_modules/@babel/parser/lib/index.js:7534:12)
    at JSXParserMixin.checkLVal (/home/kavia/workspace/code-generation/travelsmart-ai-72-e2071575/travelsmart_ai/node_modules/@babel/parser/lib/index.js:7475:12)
    at JSXParserMixin.finishImportSpecifier (/home/kavia/workspace/code-generation/travelsmart-ai-72-e2071575/travelsmart_ai/node_modules/@babel/parser/lib/index.js:14184:10)
    at JSXParserMixin.parseImportSpecifier (/home/kavia/workspace/code-generation/travelsmart-ai-72-e2071575/travelsmart_ai/node_modules/@babel/parser/lib/index.js:14341:17)
    at JSXParserMixin.parseNamedImportSpecifiers (/home/kavia/workspace/code-generation/travelsmart-ai-72-e2071575/travelsmart_ai/node_modules/@babel/parser/lib/index.js:14320:36)
    at JSXParserMixin.parseImportSpecifiersAndAfter (/home/kavia/workspace/code-generation/travelsmart-ai-72-e2071575/travelsmart_ai/node_modules/@babel/parser/lib/index.js:14160:37)
    at JSXParserMixin.parseImport (/home/kavia/workspace/code-generation/travelsmart-ai-72-e2071575/travelsmart_ai/node_modules/@babel/parser/lib/index.js:14153:17)
    at JSXParserMixin.parseStatementContent (/home/kavia/workspace/code-generation/travelsmart-ai-72-e2071575/travelsmart_ai/node_modules/@babel/parser/lib/index.js:12795:27)
    at JSXParserMixin.parseStatementLike (/home/kavia/workspace/code-generation/travelsmart-ai-72-e2071575/travelsmart_ai/node_modules/@babel/parser/lib/index.js:12685:17)
    at JSXParserMixin.parseModuleItem (/home/kavia/workspace/code-generation/travelsmart-ai-72-e2071575/travelsmart_ai/node_modules/@babel/parser/lib/index.js:12662:17)
    at JSXParserMixin.parseBlockOrModuleBlockBody (/home/kavia/workspace/code-generation/travelsmart-ai-72-e2071575/travelsmart_ai/node_modules/@babel/parser/lib/index.js:13235:36)
    at JSXParserMixin.parseBlockBody (/home/kavia/workspace/code-generation/travelsmart-ai-72-e2071575/travelsmart_ai/node_modules/@babel/parser/lib/index.js:13228:10)
    at JSXParserMixin.parseProgram (/home/kavia/workspace/code-generation/travelsmart-ai-72-e2071575/travelsmart_ai/node_modules/@babel/parser/lib/index.js:12541:10)
    at JSXParserMixin.parseTopLevel (/home/kavia/workspace/code-generation/travelsmart-ai-72-e2071575/travelsmart_ai/node_modules/@babel/parser/lib/index.js:12531:25)
    at JSXParserMixin.parse (/home/kavia/workspace/code-generation/travelsmart-ai-72-e2071575/travelsmart_ai/node_modules/@babel/parser/lib/index.js:14410:10)
    at parse (/home/kavia/workspace/code-generation/travelsmart-ai-72-e2071575/travelsmart_ai/node_modules/@babel/parser/lib/index.js:14444:38)
    at parser (/home/kavia/workspace/code-generation/travelsmart-ai-72-e2071575/travelsmart_ai/node_modules/@babel/core/lib/parser/index.js:41:34)
    at parser.next (<anonymous>)
    at normalizeFile (/home/kavia/workspace/code-generation/travelsmart-ai-72-e2071575/travelsmart_ai/node_modules/@babel/core/lib/transformation/normalize-file.js:64:37)
    at normalizeFile.next (<anonymous>)
    at run (/home/kavia/workspace/code-generation/travelsmart-ai-72-e2071575/travelsmart_ai/node_modules/@babel/core/lib/transformation/index.js:22:50)
    at run.next (<anonymous>)
    at transform (/home/kavia/workspace/code-generation/travelsmart-ai-72-e2071575/travelsmart_ai/node_modules/@babel/core/lib/transform.js:22:33)
    at transform.next (<anonymous>)
    at step (/home/kavia/workspace/code-generation/travelsmart-ai-72-e2071575/travelsmart_ai/node_modules/gensync/index.js:261:32)
    at /home/kavia/workspace/code-generation/travelsmart-ai-72-e2071575/travelsmart_ai/node_modules/gensync/index.js:273:13
    at async.call.result.err.err (/home/kavia/workspace/code-generation/travelsmart-ai-72-e2071575/travelsmart_ai/node_modules/gensync/index.js:223:11)
 @ ./src/index.js 5:0-24 11:32-35

webpack 5.99.9 compiled with 1 error in 111 ms
assets by status 1.92 KiB [cached] 1 asset
assets by path *.js 1.38 MiB
  asset bundle.js 1.38 MiB [emitted] (name: main)
  asset main.b06cfecff64df61455fc.hot-update.js 854 bytes [emitted] [immutable] [hmr] (name: main)
asset main.b06cfecff64df61455fc.hot-update.json 28 bytes [emitted] [immutable] [hmr]
Entrypoint main 1.38 MiB = bundle.js 1.38 MiB main.b06cfecff64df61455fc.hot-update.js 854 bytes
cached modules 1.26 MiB [cached] 39 modules
runtime modules 27.5 KiB 14 modules
./src/App.js 39 bytes [built] [1 error]

ERROR in ./src/App.js
Module build failed (from ./node_modules/babel-loader/lib/index.js):
SyntaxError: /home/kavia/workspace/code-generation/travelsmart-ai-72-e2071575/travelsmart_ai/src/App.js: Identifier 'HomePage' has already been declared. (23:7)

  21 | import { BrowserRouter as Router, Routes, Route, Link } from 'react-router-dom';
  22 | import './App.css';
> 23 | import HomePage from './pages/HomePage';
     |        ^
  24 | import ItineraryPage from './pages/ItineraryPage';
  25 | import WeatherPage from './pages/WeatherPage';
  26 | import ChatPage from './pages/ChatPage';
    at constructor (/home/kavia/workspace/code-generation/travelsmart-ai-72-e2071575/travelsmart_ai/node_modules/@babel/parser/lib/index.js:363:19)
    at JSXParserMixin.raise (/home/kavia/workspace/code-generation/travelsmart-ai-72-e2071575/travelsmart_ai/node_modules/@babel/parser/lib/index.js:6609:19)
    at ScopeHandler.checkRedeclarationInScope (/home/kavia/workspace/code-generation/travelsmart-ai-72-e2071575/travelsmart_ai/node_modules/@babel/parser/lib/index.js:1626:19)
    at ScopeHandler.declareName (/home/kavia/workspace/code-generation/travelsmart-ai-72-e2071575/travelsmart_ai/node_modules/@babel/parser/lib/index.js:1592:12)
    at JSXParserMixin.declareNameFromIdentifier (/home/kavia/workspace/code-generation/travelsmart-ai-72-e2071575/travelsmart_ai/node_modules/@babel/parser/lib/index.js:7538:16)
    at JSXParserMixin.checkIdentifier (/home/kavia/workspace/code-generation/travelsmart-ai-72-e2071575/travelsmart_ai/node_modules/@babel/parser/lib/index.js:7534:12)
    at JSXParserMixin.checkLVal (/home/kavia/workspace/code-generation/travelsmart-ai-72-e2071575/travelsmart_ai/node_modules/@babel/parser/lib/index.js:7475:12)
    at JSXParserMixin.finishImportSpecifier (/home/kavia/workspace/code-generation/travelsmart-ai-72-e2071575/travelsmart_ai/node_modules/@babel/parser/lib/index.js:14184:10)
    at JSXParserMixin.parseImportSpecifierLocal (/home/kavia/workspace/code-generation/travelsmart-ai-72-e2071575/travelsmart_ai/node_modules/@babel/parser/lib/index.js:14181:31)
    at JSXParserMixin.maybeParseDefaultImportSpecifier (/home/kavia/workspace/code-generation/travelsmart-ai-72-e2071575/travelsmart_ai/node_modules/@babel/parser/lib/index.js:14288:12)
    at JSXParserMixin.parseImportSpecifiersAndAfter (/home/kavia/workspace/code-generation/travelsmart-ai-72-e2071575/travelsmart_ai/node_modules/@babel/parser/lib/index.js:14157:29)
    at JSXParserMixin.parseImport (/home/kavia/workspace/code-generation/travelsmart-ai-72-e2071575/travelsmart_ai/node_modules/@babel/parser/lib/index.js:14153:17)
    at JSXParserMixin.parseStatementContent (/home/kavia/workspace/code-generation/travelsmart-ai-72-e2071575/travelsmart_ai/node_modules/@babel/parser/lib/index.js:12795:27)
    at JSXParserMixin.parseStatementLike (/home/kavia/workspace/code-generation/travelsmart-ai-72-e2071575/travelsmart_ai/node_modules/@babel/parser/lib/index.js:12685:17)
    at JSXParserMixin.parseModuleItem (/home/kavia/workspace/code-generation/travelsmart-ai-72-e2071575/travelsmart_ai/node_modules/@babel/parser/lib/index.js:12662:17)
    at JSXParserMixin.parseBlockOrModuleBlockBody (/home/kavia/workspace/code-generation/travelsmart-ai-72-e2071575/travelsmart_ai/node_modules/@babel/parser/lib/index.js:13235:36)
    at JSXParserMixin.parseBlockBody (/home/kavia/workspace/code-generation/travelsmart-ai-72-e2071575/travelsmart_ai/node_modules/@babel/parser/lib/index.js:13228:10)
    at JSXParserMixin.parseProgram (/home/kavia/workspace/code-generation/travelsmart-ai-72-e2071575/travelsmart_ai/node_modules/@babel/parser/lib/index.js:12541:10)
    at JSXParserMixin.parseTopLevel (/home/kavia/workspace/code-generation/travelsmart-ai-72-e2071575/travelsmart_ai/node_modules/@babel/parser/lib/index.js:12531:25)
    at JSXParserMixin.parse (/home/kavia/workspace/code-generation/travelsmart-ai-72-e2071575/travelsmart_ai/node_modules/@babel/parser/lib/index.js:14410:10)
    at parse (/home/kavia/workspace/code-generation/travelsmart-ai-72-e2071575/travelsmart_ai/node_modules/@babel/parser/lib/index.js:14444:38)
    at parser (/home/kavia/workspace/code-generation/travelsmart-ai-72-e2071575/travelsmart_ai/node_modules/@babel/core/lib/parser/index.js:41:34)
    at parser.next (<anonymous>)
    at normalizeFile (/home/kavia/workspace/code-generation/travelsmart-ai-72-e2071575/travelsmart_ai/node_modules/@babel/core/lib/transformation/normalize-file.js:64:37)
    at normalizeFile.next (<anonymous>)
    at run (/home/kavia/workspace/code-generation/travelsmart-ai-72-e2071575/travelsmart_ai/node_modules/@babel/core/lib/transformation/index.js:22:50)
    at run.next (<anonymous>)
    at transform (/home/kavia/workspace/code-generation/travelsmart-ai-72-e2071575/travelsmart_ai/node_modules/@babel/core/lib/transform.js:22:33)
    at transform.next (<anonymous>)
    at step (/home/kavia/workspace/code-generation/travelsmart-ai-72-e2071575/travelsmart_ai/node_modules/gensync/index.js:261:32)
    at /home/kavia/workspace/code-generation/travelsmart-ai-72-e2071575/travelsmart_ai/node_modules/gensync/index.js:273:13
    at async.call.result.err.err (/home/kavia/workspace/code-generation/travelsmart-ai-72-e2071575/travelsmart_ai/node_modules/gensync/index.js:223:11)
 @ ./src/index.js 5:0-24 11:32-35

webpack 5.99.9 compiled with 1 error in 39 ms
assets by status 1.92 KiB [cached] 1 asset
assets by path *.js 1.38 MiB
  asset bundle.js 1.38 MiB [emitted] (name: main)
  asset main.6c8cb6d1b06dd0fa9b80.hot-update.js 854 bytes [emitted] [immutable] [hmr] (name: main)
asset main.6c8cb6d1b06dd0fa9b80.hot-update.json 28 bytes [emitted] [immutable] [hmr]
Entrypoint main 1.38 MiB = bundle.js 1.38 MiB main.6c8cb6d1b06dd0fa9b80.hot-update.js 854 bytes
cached modules 1.26 MiB [cached] 39 modules
runtime modules 27.5 KiB 14 modules
./src/App.js 39 bytes [built] [1 error]

ERROR in ./src/App.js
Module build failed (from ./node_modules/babel-loader/lib/index.js):
SyntaxError: /home/kavia/workspace/code-generation/travelsmart-ai-72-e2071575/travelsmart_ai/src/App.js: Identifier 'HomePage' has already been declared. (24:7)

  22 | import { BrowserRouter as Router, Routes, Route, Link } from 'react-router-dom';
  23 | import './App.css';
> 24 | import HomePage from './pages/HomePage';
     |        ^
  25 | import ItineraryPage from './pages/ItineraryPage';
  26 | import WeatherPage from './pages/WeatherPage';
  27 | import ChatPage from './pages/ChatPage';
    at constructor (/home/kavia/workspace/code-generation/travelsmart-ai-72-e2071575/travelsmart_ai/node_modules/@babel/parser/lib/index.js:363:19)
    at JSXParserMixin.raise (/home/kavia/workspace/code-generation/travelsmart-ai-72-e2071575/travelsmart_ai/node_modules/@babel/parser/lib/index.js:6609:19)
    at ScopeHandler.checkRedeclarationInScope (/home/kavia/workspace/code-generation/travelsmart-ai-72-e2071575/travelsmart_ai/node_modules/@babel/parser/lib/index.js:1626:19)
    at ScopeHandler.declareName (/home/kavia/workspace/code-generation/travelsmart-ai-72-e2071575/travelsmart_ai/node_modules/@babel/parser/lib/index.js:1592:12)
    at JSXParserMixin.declareNameFromIdentifier (/home/kavia/workspace/code-generation/travelsmart-ai-72-e2071575/travelsmart_ai/node_modules/@babel/parser/lib/index.js:7538:16)
    at JSXParserMixin.checkIdentifier (/home/kavia/workspace/code-generation/travelsmart-ai-72-e2071575/travelsmart_ai/node_modules/@babel/parser/lib/index.js:7534:12)
    at JSXParserMixin.checkLVal (/home/kavia/workspace/code-generation/travelsmart-ai-72-e2071575/travelsmart_ai/node_modules/@babel/parser/lib/index.js:7475:12)
    at JSXParserMixin.finishImportSpecifier (/home/kavia/workspace/code-generation/travelsmart-ai-72-e2071575/travelsmart_ai/node_modules/@babel/parser/lib/index.js:14184:10)
    at JSXParserMixin.parseImportSpecifierLocal (/home/kavia/workspace/code-generation/travelsmart-ai-72-e2071575/travelsmart_ai/node_modules/@babel/parser/lib/index.js:14181:31)
    at JSXParserMixin.maybeParseDefaultImportSpecifier (/home/kavia/workspace/code-generation/travelsmart-ai-72-e2071575/travelsmart_ai/node_modules/@babel/parser/lib/index.js:14288:12)
    at JSXParserMixin.parseImportSpecifiersAndAfter (/home/kavia/workspace/code-generation/travelsmart-ai-72-e2071575/travelsmart_ai/node_modules/@babel/parser/lib/index.js:14157:29)
    at JSXParserMixin.parseImport (/home/kavia/workspace/code-generation/travelsmart-ai-72-e2071575/travelsmart_ai/node_modules/@babel/parser/lib/index.js:14153:17)
    at JSXParserMixin.parseStatementContent (/home/kavia/workspace/code-generation/travelsmart-ai-72-e2071575/travelsmart_ai/node_modules/@babel/parser/lib/index.js:12795:27)
    at JSXParserMixin.parseStatementLike (/home/kavia/workspace/code-generation/travelsmart-ai-72-e2071575/travelsmart_ai/node_modules/@babel/parser/lib/index.js:12685:17)
    at JSXParserMixin.parseModuleItem (/home/kavia/workspace/code-generation/travelsmart-ai-72-e2071575/travelsmart_ai/node_modules/@babel/parser/lib/index.js:12662:17)
    at JSXParserMixin.parseBlockOrModuleBlockBody (/home/kavia/workspace/code-generation/travelsmart-ai-72-e2071575/travelsmart_ai/node_modules/@babel/parser/lib/index.js:13235:36)
    at JSXParserMixin.parseBlockBody (/home/kavia/workspace/code-generation/travelsmart-ai-72-e2071575/travelsmart_ai/node_modules/@babel/parser/lib/index.js:13228:10)
    at JSXParserMixin.parseProgram (/home/kavia/workspace/code-generation/travelsmart-ai-72-e2071575/travelsmart_ai/node_modules/@babel/parser/lib/index.js:12541:10)
    at JSXParserMixin.parseTopLevel (/home/kavia/workspace/code-generation/travelsmart-ai-72-e2071575/travelsmart_ai/node_modules/@babel/parser/lib/index.js:12531:25)
    at JSXParserMixin.parse (/home/kavia/workspace/code-generation/travelsmart-ai-72-e2071575/travelsmart_ai/node_modules/@babel/parser/lib/index.js:14410:10)
    at parse (/home/kavia/workspace/code-generation/travelsmart-ai-72-e2071575/travelsmart_ai/node_modules/@babel/parser/lib/index.js:14444:38)
    at parser (/home/kavia/workspace/code-generation/travelsmart-ai-72-e2071575/travelsmart_ai/node_modules/@babel/core/lib/parser/index.js:41:34)
    at parser.next (<anonymous>)
    at normalizeFile (/home/kavia/workspace/code-generation/travelsmart-ai-72-e2071575/travelsmart_ai/node_modules/@babel/core/lib/transformation/normalize-file.js:64:37)
    at normalizeFile.next (<anonymous>)
    at run (/home/kavia/workspace/code-generation/travelsmart-ai-72-e2071575/travelsmart_ai/node_modules/@babel/core/lib/transformation/index.js:22:50)
    at run.next (<anonymous>)
    at transform (/home/kavia/workspace/code-generation/travelsmart-ai-72-e2071575/travelsmart_ai/node_modules/@babel/core/lib/transform.js:22:33)
    at transform.next (<anonymous>)
    at step (/home/kavia/workspace/code-generation/travelsmart-ai-72-e2071575/travelsmart_ai/node_modules/gensync/index.js:261:32)
    at /home/kavia/workspace/code-generation/travelsmart-ai-72-e2071575/travelsmart_ai/node_modules/gensync/index.js:273:13
    at async.call.result.err.err (/home/kavia/workspace/code-generation/travelsmart-ai-72-e2071575/travelsmart_ai/node_modules/gensync/index.js:223:11)
 @ ./src/index.js 5:0-24 11:32-35

webpack 5.99.9 compiled with 1 error in 35 ms
assets by status 1.92 KiB [cached] 1 asset
assets by path *.js 1.38 MiB
  asset bundle.js 1.38 MiB [emitted] (name: main)
  asset main.f5c0125e096b3a28eba0.hot-update.js 854 bytes [emitted] [immutable] [hmr] (name: main)
asset main.f5c0125e096b3a28eba0.hot-update.json 28 bytes [emitted] [immutable] [hmr]
Entrypoint main 1.38 MiB = bundle.js 1.38 MiB main.f5c0125e096b3a28eba0.hot-update.js 854 bytes
cached modules 1.26 MiB [cached] 39 modules
runtime modules 27.5 KiB 14 modules
./src/App.js 39 bytes [built] [1 error]

ERROR in ./src/App.js
Module build failed (from ./node_modules/babel-loader/lib/index.js):
SyntaxError: /home/kavia/workspace/code-generation/travelsmart-ai-72-e2071575/travelsmart_ai/src/App.js: Identifier 'Router' has already been declared. (23:26)

  21 | import './App.css';
  22 |
> 23 | import { BrowserRouter as Router, Routes, Route, Link } from 'react-router-dom';
     |                           ^
  24 | import './App.css';
  25 | import HomePage from './pages/HomePage';
  26 | import ItineraryPage from './pages/ItineraryPage';
    at constructor (/home/kavia/workspace/code-generation/travelsmart-ai-72-e2071575/travelsmart_ai/node_modules/@babel/parser/lib/index.js:363:19)
    at JSXParserMixin.raise (/home/kavia/workspace/code-generation/travelsmart-ai-72-e2071575/travelsmart_ai/node_modules/@babel/parser/lib/index.js:6609:19)
    at ScopeHandler.checkRedeclarationInScope (/home/kavia/workspace/code-generation/travelsmart-ai-72-e2071575/travelsmart_ai/node_modules/@babel/parser/lib/index.js:1626:19)
    at ScopeHandler.declareName (/home/kavia/workspace/code-generation/travelsmart-ai-72-e2071575/travelsmart_ai/node_modules/@babel/parser/lib/index.js:1592:12)
    at JSXParserMixin.declareNameFromIdentifier (/home/kavia/workspace/code-generation/travelsmart-ai-72-e2071575/travelsmart_ai/node_modules/@babel/parser/lib/index.js:7538:16)
    at JSXParserMixin.checkIdentifier (/home/kavia/workspace/code-generation/travelsmart-ai-72-e2071575/travelsmart_ai/node_modules/@babel/parser/lib/index.js:7534:12)
    at JSXParserMixin.checkLVal (/home/kavia/workspace/code-generation/travelsmart-ai-72-e2071575/travelsmart_ai/node_modules/@babel/parser/lib/index.js:7475:12)
    at JSXParserMixin.finishImportSpecifier (/home/kavia/workspace/code-generation/travelsmart-ai-72-e2071575/travelsmart_ai/node_modules/@babel/parser/lib/index.js:14184:10)
    at JSXParserMixin.parseImportSpecifier (/home/kavia/workspace/code-generation/travelsmart-ai-72-e2071575/travelsmart_ai/node_modules/@babel/parser/lib/index.js:14341:17)
    at JSXParserMixin.parseNamedImportSpecifiers (/home/kavia/workspace/code-generation/travelsmart-ai-72-e2071575/travelsmart_ai/node_modules/@babel/parser/lib/index.js:14320:36)
    at JSXParserMixin.parseImportSpecifiersAndAfter (/home/kavia/workspace/code-generation/travelsmart-ai-72-e2071575/travelsmart_ai/node_modules/@babel/parser/lib/index.js:14160:37)
    at JSXParserMixin.parseImport (/home/kavia/workspace/code-generation/travelsmart-ai-72-e2071575/travelsmart_ai/node_modules/@babel/parser/lib/index.js:14153:17)
    at JSXParserMixin.parseStatementContent (/home/kavia/workspace/code-generation/travelsmart-ai-72-e2071575/travelsmart_ai/node_modules/@babel/parser/lib/index.js:12795:27)
    at JSXParserMixin.parseStatementLike (/home/kavia/workspace/code-generation/travelsmart-ai-72-e2071575/travelsmart_ai/node_modules/@babel/parser/lib/index.js:12685:17)
    at JSXParserMixin.parseModuleItem (/home/kavia/workspace/code-generation/travelsmart-ai-72-e2071575/travelsmart_ai/node_modules/@babel/parser/lib/index.js:12662:17)
    at JSXParserMixin.parseBlockOrModuleBlockBody (/home/kavia/workspace/code-generation/travelsmart-ai-72-e2071575/travelsmart_ai/node_modules/@babel/parser/lib/index.js:13235:36)
    at JSXParserMixin.parseBlockBody (/home/kavia/workspace/code-generation/travelsmart-ai-72-e2071575/travelsmart_ai/node_modules/@babel/parser/lib/index.js:13228:10)
    at JSXParserMixin.parseProgram (/home/kavia/workspace/code-generation/travelsmart-ai-72-e2071575/travelsmart_ai/node_modules/@babel/parser/lib/index.js:12541:10)
    at JSXParserMixin.parseTopLevel (/home/kavia/workspace/code-generation/travelsmart-ai-72-e2071575/travelsmart_ai/node_modules/@babel/parser/lib/index.js:12531:25)
    at JSXParserMixin.parse (/home/kavia/workspace/code-generation/travelsmart-ai-72-e2071575/travelsmart_ai/node_modules/@babel/parser/lib/index.js:14410:10)
    at parse (/home/kavia/workspace/code-generation/travelsmart-ai-72-e2071575/travelsmart_ai/node_modules/@babel/parser/lib/index.js:14444:38)
    at parser (/home/kavia/workspace/code-generation/travelsmart-ai-72-e2071575/travelsmart_ai/node_modules/@babel/core/lib/parser/index.js:41:34)
    at parser.next (<anonymous>)
    at normalizeFile (/home/kavia/workspace/code-generation/travelsmart-ai-72-e2071575/travelsmart_ai/node_modules/@babel/core/lib/transformation/normalize-file.js:64:37)
    at normalizeFile.next (<anonymous>)
    at run (/home/kavia/workspace/code-generation/travelsmart-ai-72-e2071575/travelsmart_ai/node_modules/@babel/core/lib/transformation/index.js:22:50)
    at run.next (<anonymous>)
    at transform (/home/kavia/workspace/code-generation/travelsmart-ai-72-e2071575/travelsmart_ai/node_modules/@babel/core/lib/transform.js:22:33)
    at transform.next (<anonymous>)
    at step (/home/kavia/workspace/code-generation/travelsmart-ai-72-e2071575/travelsmart_ai/node_modules/gensync/index.js:261:32)
    at /home/kavia/workspace/code-generation/travelsmart-ai-72-e2071575/travelsmart_ai/node_modules/gensync/index.js:273:13
    at async.call.result.err.err (/home/kavia/workspace/code-generation/travelsmart-ai-72-e2071575/travelsmart_ai/node_modules/gensync/index.js:223:11)
 @ ./src/index.js 5:0-24 11:32-35

webpack 5.99.9 compiled with 1 error in 35 ms
assets by status 1.92 KiB [cached] 1 asset
assets by path *.js 1.38 MiB
  asset bundle.js 1.38 MiB [emitted] (name: main)
  asset main.54e0d3f20fc19052a9d8.hot-update.js 854 bytes [emitted] [immutable] [hmr] (name: main)
asset main.54e0d3f20fc19052a9d8.hot-update.json 28 bytes [emitted] [immutable] [hmr]
Entrypoint main 1.38 MiB = bundle.js 1.38 MiB main.54e0d3f20fc19052a9d8.hot-update.js 854 bytes
cached modules 1.26 MiB [cached] 39 modules
runtime modules 27.5 KiB 14 modules
./src/App.js 39 bytes [built] [1 error]

ERROR in ./src/App.js
Module build failed (from ./node_modules/babel-loader/lib/index.js):
SyntaxError: /home/kavia/workspace/code-generation/travelsmart-ai-72-e2071575/travelsmart_ai/src/App.js: Identifier 'HomePage' has already been declared. (24:7)

  22 |
  23 | import './App.css';
> 24 | import HomePage from './pages/HomePage';
     |        ^
  25 | import ItineraryPage from './pages/ItineraryPage';
  26 | import WeatherPage from './pages/WeatherPage';
  27 | import ChatPage from './pages/ChatPage';
    at constructor (/home/kavia/workspace/code-generation/travelsmart-ai-72-e2071575/travelsmart_ai/node_modules/@babel/parser/lib/index.js:363:19)
    at JSXParserMixin.raise (/home/kavia/workspace/code-generation/travelsmart-ai-72-e2071575/travelsmart_ai/node_modules/@babel/parser/lib/index.js:6609:19)
    at ScopeHandler.checkRedeclarationInScope (/home/kavia/workspace/code-generation/travelsmart-ai-72-e2071575/travelsmart_ai/node_modules/@babel/parser/lib/index.js:1626:19)
    at ScopeHandler.declareName (/home/kavia/workspace/code-generation/travelsmart-ai-72-e2071575/travelsmart_ai/node_modules/@babel/parser/lib/index.js:1592:12)
    at JSXParserMixin.declareNameFromIdentifier (/home/kavia/workspace/code-generation/travelsmart-ai-72-e2071575/travelsmart_ai/node_modules/@babel/parser/lib/index.js:7538:16)
    at JSXParserMixin.checkIdentifier (/home/kavia/workspace/code-generation/travelsmart-ai-72-e2071575/travelsmart_ai/node_modules/@babel/parser/lib/index.js:7534:12)
    at JSXParserMixin.checkLVal (/home/kavia/workspace/code-generation/travelsmart-ai-72-e2071575/travelsmart_ai/node_modules/@babel/parser/lib/index.js:7475:12)
    at JSXParserMixin.finishImportSpecifier (/home/kavia/workspace/code-generation/travelsmart-ai-72-e2071575/travelsmart_ai/node_modules/@babel/parser/lib/index.js:14184:10)
    at JSXParserMixin.parseImportSpecifierLocal (/home/kavia/workspace/code-generation/travelsmart-ai-72-e2071575/travelsmart_ai/node_modules/@babel/parser/lib/index.js:14181:31)
    at JSXParserMixin.maybeParseDefaultImportSpecifier (/home/kavia/workspace/code-generation/travelsmart-ai-72-e2071575/travelsmart_ai/node_modules/@babel/parser/lib/index.js:14288:12)
    at JSXParserMixin.parseImportSpecifiersAndAfter (/home/kavia/workspace/code-generation/travelsmart-ai-72-e2071575/travelsmart_ai/node_modules/@babel/parser/lib/index.js:14157:29)
    at JSXParserMixin.parseImport (/home/kavia/workspace/code-generation/travelsmart-ai-72-e2071575/travelsmart_ai/node_modules/@babel/parser/lib/index.js:14153:17)
    at JSXParserMixin.parseStatementContent (/home/kavia/workspace/code-generation/travelsmart-ai-72-e2071575/travelsmart_ai/node_modules/@babel/parser/lib/index.js:12795:27)
    at JSXParserMixin.parseStatementLike (/home/kavia/workspace/code-generation/travelsmart-ai-72-e2071575/travelsmart_ai/node_modules/@babel/parser/lib/index.js:12685:17)
    at JSXParserMixin.parseModuleItem (/home/kavia/workspace/code-generation/travelsmart-ai-72-e2071575/travelsmart_ai/node_modules/@babel/parser/lib/index.js:12662:17)
    at JSXParserMixin.parseBlockOrModuleBlockBody (/home/kavia/workspace/code-generation/travelsmart-ai-72-e2071575/travelsmart_ai/node_modules/@babel/parser/lib/index.js:13235:36)
    at JSXParserMixin.parseBlockBody (/home/kavia/workspace/code-generation/travelsmart-ai-72-e2071575/travelsmart_ai/node_modules/@babel/parser/lib/index.js:13228:10)
    at JSXParserMixin.parseProgram (/home/kavia/workspace/code-generation/travelsmart-ai-72-e2071575/travelsmart_ai/node_modules/@babel/parser/lib/index.js:12541:10)
    at JSXParserMixin.parseTopLevel (/home/kavia/workspace/code-generation/travelsmart-ai-72-e2071575/travelsmart_ai/node_modules/@babel/parser/lib/index.js:12531:25)
    at JSXParserMixin.parse (/home/kavia/workspace/code-generation/travelsmart-ai-72-e2071575/travelsmart_ai/node_modules/@babel/parser/lib/index.js:14410:10)
    at parse (/home/kavia/workspace/code-generation/travelsmart-ai-72-e2071575/travelsmart_ai/node_modules/@babel/parser/lib/index.js:14444:38)
    at parser (/home/kavia/workspace/code-generation/travelsmart-ai-72-e2071575/travelsmart_ai/node_modules/@babel/core/lib/parser/index.js:41:34)
    at parser.next (<anonymous>)
    at normalizeFile (/home/kavia/workspace/code-generation/travelsmart-ai-72-e2071575/travelsmart_ai/node_modules/@babel/core/lib/transformation/normalize-file.js:64:37)
    at normalizeFile.next (<anonymous>)
    at run (/home/kavia/workspace/code-generation/travelsmart-ai-72-e2071575/travelsmart_ai/node_modules/@babel/core/lib/transformation/index.js:22:50)
    at run.next (<anonymous>)
    at transform (/home/kavia/workspace/code-generation/travelsmart-ai-72-e2071575/travelsmart_ai/node_modules/@babel/core/lib/transform.js:22:33)
    at transform.next (<anonymous>)
    at step (/home/kavia/workspace/code-generation/travelsmart-ai-72-e2071575/travelsmart_ai/node_modules/gensync/index.js:261:32)
    at /home/kavia/workspace/code-generation/travelsmart-ai-72-e2071575/travelsmart_ai/node_modules/gensync/index.js:273:13
    at async.call.result.err.err (/home/kavia/workspace/code-generation/travelsmart-ai-72-e2071575/travelsmart_ai/node_modules/gensync/index.js:223:11)
 @ ./src/index.js 5:0-24 11:32-35

webpack 5.99.9 compiled with 1 error in 33 ms
assets by status 1.92 KiB [cached] 1 asset
assets by path *.js 1.38 MiB
  asset bundle.js 1.38 MiB [emitted] (name: main)
  asset main.a427c6a6dfa68c2eb319.hot-update.js 854 bytes [emitted] [immutable] [hmr] (name: main)
asset main.a427c6a6dfa68c2eb319.hot-update.json 28 bytes [emitted] [immutable] [hmr]
Entrypoint main 1.38 MiB = bundle.js 1.38 MiB main.a427c6a6dfa68c2eb319.hot-update.js 854 bytes
cached modules 1.26 MiB [cached] 39 modules
runtime modules 27.5 KiB 14 modules
./src/App.js 39 bytes [built] [1 error]

ERROR in ./src/App.js
Module build failed (from ./node_modules/babel-loader/lib/index.js):
SyntaxError: /home/kavia/workspace/code-generation/travelsmart-ai-72-e2071575/travelsmart_ai/src/App.js: Identifier 'HomePage' has already been declared. (25:7)

  23 |
  24 | import './App.css';
> 25 | import HomePage from './pages/HomePage';
     |        ^
  26 | import ItineraryPage from './pages/ItineraryPage';
  27 | import WeatherPage from './pages/WeatherPage';
  28 | import ChatPage from './pages/ChatPage';
    at constructor (/home/kavia/workspace/code-generation/travelsmart-ai-72-e2071575/travelsmart_ai/node_modules/@babel/parser/lib/index.js:363:19)
    at JSXParserMixin.raise (/home/kavia/workspace/code-generation/travelsmart-ai-72-e2071575/travelsmart_ai/node_modules/@babel/parser/lib/index.js:6609:19)
    at ScopeHandler.checkRedeclarationInScope (/home/kavia/workspace/code-generation/travelsmart-ai-72-e2071575/travelsmart_ai/node_modules/@babel/parser/lib/index.js:1626:19)
    at ScopeHandler.declareName (/home/kavia/workspace/code-generation/travelsmart-ai-72-e2071575/travelsmart_ai/node_modules/@babel/parser/lib/index.js:1592:12)
    at JSXParserMixin.declareNameFromIdentifier (/home/kavia/workspace/code-generation/travelsmart-ai-72-e2071575/travelsmart_ai/node_modules/@babel/parser/lib/index.js:7538:16)
    at JSXParserMixin.checkIdentifier (/home/kavia/workspace/code-generation/travelsmart-ai-72-e2071575/travelsmart_ai/node_modules/@babel/parser/lib/index.js:7534:12)
    at JSXParserMixin.checkLVal (/home/kavia/workspace/code-generation/travelsmart-ai-72-e2071575/travelsmart_ai/node_modules/@babel/parser/lib/index.js:7475:12)
    at JSXParserMixin.finishImportSpecifier (/home/kavia/workspace/code-generation/travelsmart-ai-72-e2071575/travelsmart_ai/node_modules/@babel/parser/lib/index.js:14184:10)
    at JSXParserMixin.parseImportSpecifierLocal (/home/kavia/workspace/code-generation/travelsmart-ai-72-e2071575/travelsmart_ai/node_modules/@babel/parser/lib/index.js:14181:31)
    at JSXParserMixin.maybeParseDefaultImportSpecifier (/home/kavia/workspace/code-generation/travelsmart-ai-72-e2071575/travelsmart_ai/node_modules/@babel/parser/lib/index.js:14288:12)
    at JSXParserMixin.parseImportSpecifiersAndAfter (/home/kavia/workspace/code-generation/travelsmart-ai-72-e2071575/travelsmart_ai/node_modules/@babel/parser/lib/index.js:14157:29)
    at JSXParserMixin.parseImport (/home/kavia/workspace/code-generation/travelsmart-ai-72-e2071575/travelsmart_ai/node_modules/@babel/parser/lib/index.js:14153:17)
    at JSXParserMixin.parseStatementContent (/home/kavia/workspace/code-generation/travelsmart-ai-72-e2071575/travelsmart_ai/node_modules/@babel/parser/lib/index.js:12795:27)
    at JSXParserMixin.parseStatementLike (/home/kavia/workspace/code-generation/travelsmart-ai-72-e2071575/travelsmart_ai/node_modules/@babel/parser/lib/index.js:12685:17)
    at JSXParserMixin.parseModuleItem (/home/kavia/workspace/code-generation/travelsmart-ai-72-e2071575/travelsmart_ai/node_modules/@babel/parser/lib/index.js:12662:17)
    at JSXParserMixin.parseBlockOrModuleBlockBody (/home/kavia/workspace/code-generation/travelsmart-ai-72-e2071575/travelsmart_ai/node_modules/@babel/parser/lib/index.js:13235:36)
    at JSXParserMixin.parseBlockBody (/home/kavia/workspace/code-generation/travelsmart-ai-72-e2071575/travelsmart_ai/node_modules/@babel/parser/lib/index.js:13228:10)
    at JSXParserMixin.parseProgram (/home/kavia/workspace/code-generation/travelsmart-ai-72-e2071575/travelsmart_ai/node_modules/@babel/parser/lib/index.js:12541:10)
    at JSXParserMixin.parseTopLevel (/home/kavia/workspace/code-generation/travelsmart-ai-72-e2071575/travelsmart_ai/node_modules/@babel/parser/lib/index.js:12531:25)
    at JSXParserMixin.parse (/home/kavia/workspace/code-generation/travelsmart-ai-72-e2071575/travelsmart_ai/node_modules/@babel/parser/lib/index.js:14410:10)
    at parse (/home/kavia/workspace/code-generation/travelsmart-ai-72-e2071575/travelsmart_ai/node_modules/@babel/parser/lib/index.js:14444:38)
    at parser (/home/kavia/workspace/code-generation/travelsmart-ai-72-e2071575/travelsmart_ai/node_modules/@babel/core/lib/parser/index.js:41:34)
    at parser.next (<anonymous>)
    at normalizeFile (/home/kavia/workspace/code-generation/travelsmart-ai-72-e2071575/travelsmart_ai/node_modules/@babel/core/lib/transformation/normalize-file.js:64:37)
    at normalizeFile.next (<anonymous>)
    at run (/home/kavia/workspace/code-generation/travelsmart-ai-72-e2071575/travelsmart_ai/node_modules/@babel/core/lib/transformation/index.js:22:50)
    at run.next (<anonymous>)
    at transform (/home/kavia/workspace/code-generation/travelsmart-ai-72-e2071575/travelsmart_ai/node_modules/@babel/core/lib/transform.js:22:33)
    at transform.next (<anonymous>)
    at step (/home/kavia/workspace/code-generation/travelsmart-ai-72-e2071575/travelsmart_ai/node_modules/gensync/index.js:261:32)
    at /home/kavia/workspace/code-generation/travelsmart-ai-72-e2071575/travelsmart_ai/node_modules/gensync/index.js:273:13
    at async.call.result.err.err (/home/kavia/workspace/code-generation/travelsmart-ai-72-e2071575/travelsmart_ai/node_modules/gensync/index.js:223:11)
 @ ./src/index.js 5:0-24 11:32-35

webpack 5.99.9 compiled with 1 error in 29 ms
assets by status 1.92 KiB [cached] 1 asset
assets by path *.js 1.38 MiB
  asset bundle.js 1.38 MiB [emitted] (name: main)
  asset main.28353d576382ca63102d.hot-update.js 854 bytes [emitted] [immutable] [hmr] (name: main)
asset main.28353d576382ca63102d.hot-update.json 28 bytes [emitted] [immutable] [hmr]
Entrypoint main 1.38 MiB = bundle.js 1.38 MiB main.28353d576382ca63102d.hot-update.js 854 bytes
cached modules 1.26 MiB [cached] 39 modules
runtime modules 27.5 KiB 14 modules
./src/App.js 39 bytes [built] [1 error]

ERROR in ./src/App.js
Module build failed (from ./node_modules/babel-loader/lib/index.js):
SyntaxError: /home/kavia/workspace/code-generation/travelsmart-ai-72-e2071575/travelsmart_ai/src/App.js: Identifier 'Router' has already been declared. (23:26)

  21 | import './App.css';
  22 |
> 23 | import { BrowserRouter as Router, Routes, Route } from 'react-router-dom';
     |                           ^
  24 |
  25 | import './App.css';
  26 | import HomePage from './pages/HomePage';
    at constructor (/home/kavia/workspace/code-generation/travelsmart-ai-72-e2071575/travelsmart_ai/node_modules/@babel/parser/lib/index.js:363:19)
    at JSXParserMixin.raise (/home/kavia/workspace/code-generation/travelsmart-ai-72-e2071575/travelsmart_ai/node_modules/@babel/parser/lib/index.js:6609:19)
    at ScopeHandler.checkRedeclarationInScope (/home/kavia/workspace/code-generation/travelsmart-ai-72-e2071575/travelsmart_ai/node_modules/@babel/parser/lib/index.js:1626:19)
    at ScopeHandler.declareName (/home/kavia/workspace/code-generation/travelsmart-ai-72-e2071575/travelsmart_ai/node_modules/@babel/parser/lib/index.js:1592:12)
    at JSXParserMixin.declareNameFromIdentifier (/home/kavia/workspace/code-generation/travelsmart-ai-72-e2071575/travelsmart_ai/node_modules/@babel/parser/lib/index.js:7538:16)
    at JSXParserMixin.checkIdentifier (/home/kavia/workspace/code-generation/travelsmart-ai-72-e2071575/travelsmart_ai/node_modules/@babel/parser/lib/index.js:7534:12)
    at JSXParserMixin.checkLVal (/home/kavia/workspace/code-generation/travelsmart-ai-72-e2071575/travelsmart_ai/node_modules/@babel/parser/lib/index.js:7475:12)
    at JSXParserMixin.finishImportSpecifier (/home/kavia/workspace/code-generation/travelsmart-ai-72-e2071575/travelsmart_ai/node_modules/@babel/parser/lib/index.js:14184:10)
    at JSXParserMixin.parseImportSpecifier (/home/kavia/workspace/code-generation/travelsmart-ai-72-e2071575/travelsmart_ai/node_modules/@babel/parser/lib/index.js:14341:17)
    at JSXParserMixin.parseNamedImportSpecifiers (/home/kavia/workspace/code-generation/travelsmart-ai-72-e2071575/travelsmart_ai/node_modules/@babel/parser/lib/index.js:14320:36)
    at JSXParserMixin.parseImportSpecifiersAndAfter (/home/kavia/workspace/code-generation/travelsmart-ai-72-e2071575/travelsmart_ai/node_modules/@babel/parser/lib/index.js:14160:37)
    at JSXParserMixin.parseImport (/home/kavia/workspace/code-generation/travelsmart-ai-72-e2071575/travelsmart_ai/node_modules/@babel/parser/lib/index.js:14153:17)
    at JSXParserMixin.parseStatementContent (/home/kavia/workspace/code-generation/travelsmart-ai-72-e2071575/travelsmart_ai/node_modules/@babel/parser/lib/index.js:12795:27)
    at JSXParserMixin.parseStatementLike (/home/kavia/workspace/code-generation/travelsmart-ai-72-e2071575/travelsmart_ai/node_modules/@babel/parser/lib/index.js:12685:17)
    at JSXParserMixin.parseModuleItem (/home/kavia/workspace/code-generation/travelsmart-ai-72-e2071575/travelsmart_ai/node_modules/@babel/parser/lib/index.js:12662:17)
    at JSXParserMixin.parseBlockOrModuleBlockBody (/home/kavia/workspace/code-generation/travelsmart-ai-72-e2071575/travelsmart_ai/node_modules/@babel/parser/lib/index.js:13235:36)
    at JSXParserMixin.parseBlockBody (/home/kavia/workspace/code-generation/travelsmart-ai-72-e2071575/travelsmart_ai/node_modules/@babel/parser/lib/index.js:13228:10)
    at JSXParserMixin.parseProgram (/home/kavia/workspace/code-generation/travelsmart-ai-72-e2071575/travelsmart_ai/node_modules/@babel/parser/lib/index.js:12541:10)
    at JSXParserMixin.parseTopLevel (/home/kavia/workspace/code-generation/travelsmart-ai-72-e2071575/travelsmart_ai/node_modules/@babel/parser/lib/index.js:12531:25)
    at JSXParserMixin.parse (/home/kavia/workspace/code-generation/travelsmart-ai-72-e2071575/travelsmart_ai/node_modules/@babel/parser/lib/index.js:14410:10)
    at parse (/home/kavia/workspace/code-generation/travelsmart-ai-72-e2071575/travelsmart_ai/node_modules/@babel/parser/lib/index.js:14444:38)
    at parser (/home/kavia/workspace/code-generation/travelsmart-ai-72-e2071575/travelsmart_ai/node_modules/@babel/core/lib/parser/index.js:41:34)
    at parser.next (<anonymous>)
    at normalizeFile (/home/kavia/workspace/code-generation/travelsmart-ai-72-e2071575/travelsmart_ai/node_modules/@babel/core/lib/transformation/normalize-file.js:64:37)
    at normalizeFile.next (<anonymous>)
    at run (/home/kavia/workspace/code-generation/travelsmart-ai-72-e2071575/travelsmart_ai/node_modules/@babel/core/lib/transformation/index.js:22:50)
    at run.next (<anonymous>)
    at transform (/home/kavia/workspace/code-generation/travelsmart-ai-72-e2071575/travelsmart_ai/node_modules/@babel/core/lib/transform.js:22:33)
    at transform.next (<anonymous>)
    at step (/home/kavia/workspace/code-generation/travelsmart-ai-72-e2071575/travelsmart_ai/node_modules/gensync/index.js:261:32)
    at /home/kavia/workspace/code-generation/travelsmart-ai-72-e2071575/travelsmart_ai/node_modules/gensync/index.js:273:13
    at async.call.result.err.err (/home/kavia/workspace/code-generation/travelsmart-ai-72-e2071575/travelsmart_ai/node_modules/gensync/index.js:223:11)
 @ ./src/index.js 5:0-24 11:32-35

webpack 5.99.9 compiled with 1 error in 28 ms
assets by status 1.92 KiB [cached] 1 asset
assets by path *.js 1.38 MiB
  asset bundle.js 1.38 MiB [emitted] (name: main)
  asset main.a36a4e9d583833aedd47.hot-update.js 854 bytes [emitted] [immutable] [hmr] (name: main)
asset main.a36a4e9d583833aedd47.hot-update.json 28 bytes [emitted] [immutable] [hmr]
Entrypoint main 1.38 MiB = bundle.js 1.38 MiB main.a36a4e9d583833aedd47.hot-update.js 854 bytes
cached modules 1.26 MiB [cached] 39 modules
runtime modules 27.5 KiB 14 modules
./src/App.js 39 bytes [built] [1 error]

ERROR in ./src/App.js
Module build failed (from ./node_modules/babel-loader/lib/index.js):
SyntaxError: /home/kavia/workspace/code-generation/travelsmart-ai-72-e2071575/travelsmart_ai/src/App.js: Identifier 'HomePage' has already been declared. (25:7)

  23 |
  24 | import './App.css';
> 25 | import HomePage from './pages/HomePage';
     |        ^
  26 | import ItineraryPage from './pages/ItineraryPage';
  27 | import WeatherPage from './pages/WeatherPage';
  28 | import ChatPage from './pages/ChatPage';
    at constructor (/home/kavia/workspace/code-generation/travelsmart-ai-72-e2071575/travelsmart_ai/node_modules/@babel/parser/lib/index.js:363:19)
    at JSXParserMixin.raise (/home/kavia/workspace/code-generation/travelsmart-ai-72-e2071575/travelsmart_ai/node_modules/@babel/parser/lib/index.js:6609:19)
    at ScopeHandler.checkRedeclarationInScope (/home/kavia/workspace/code-generation/travelsmart-ai-72-e2071575/travelsmart_ai/node_modules/@babel/parser/lib/index.js:1626:19)
    at ScopeHandler.declareName (/home/kavia/workspace/code-generation/travelsmart-ai-72-e2071575/travelsmart_ai/node_modules/@babel/parser/lib/index.js:1592:12)
    at JSXParserMixin.declareNameFromIdentifier (/home/kavia/workspace/code-generation/travelsmart-ai-72-e2071575/travelsmart_ai/node_modules/@babel/parser/lib/index.js:7538:16)
    at JSXParserMixin.checkIdentifier (/home/kavia/workspace/code-generation/travelsmart-ai-72-e2071575/travelsmart_ai/node_modules/@babel/parser/lib/index.js:7534:12)
    at JSXParserMixin.checkLVal (/home/kavia/workspace/code-generation/travelsmart-ai-72-e2071575/travelsmart_ai/node_modules/@babel/parser/lib/index.js:7475:12)
    at JSXParserMixin.finishImportSpecifier (/home/kavia/workspace/code-generation/travelsmart-ai-72-e2071575/travelsmart_ai/node_modules/@babel/parser/lib/index.js:14184:10)
    at JSXParserMixin.parseImportSpecifierLocal (/home/kavia/workspace/code-generation/travelsmart-ai-72-e2071575/travelsmart_ai/node_modules/@babel/parser/lib/index.js:14181:31)
    at JSXParserMixin.maybeParseDefaultImportSpecifier (/home/kavia/workspace/code-generation/travelsmart-ai-72-e2071575/travelsmart_ai/node_modules/@babel/parser/lib/index.js:14288:12)
    at JSXParserMixin.parseImportSpecifiersAndAfter (/home/kavia/workspace/code-generation/travelsmart-ai-72-e2071575/travelsmart_ai/node_modules/@babel/parser/lib/index.js:14157:29)
    at JSXParserMixin.parseImport (/home/kavia/workspace/code-generation/travelsmart-ai-72-e2071575/travelsmart_ai/node_modules/@babel/parser/lib/index.js:14153:17)
    at JSXParserMixin.parseStatementContent (/home/kavia/workspace/code-generation/travelsmart-ai-72-e2071575/travelsmart_ai/node_modules/@babel/parser/lib/index.js:12795:27)
    at JSXParserMixin.parseStatementLike (/home/kavia/workspace/code-generation/travelsmart-ai-72-e2071575/travelsmart_ai/node_modules/@babel/parser/lib/index.js:12685:17)
    at JSXParserMixin.parseModuleItem (/home/kavia/workspace/code-generation/travelsmart-ai-72-e2071575/travelsmart_ai/node_modules/@babel/parser/lib/index.js:12662:17)
    at JSXParserMixin.parseBlockOrModuleBlockBody (/home/kavia/workspace/code-generation/travelsmart-ai-72-e2071575/travelsmart_ai/node_modules/@babel/parser/lib/index.js:13235:36)
    at JSXParserMixin.parseBlockBody (/home/kavia/workspace/code-generation/travelsmart-ai-72-e2071575/travelsmart_ai/node_modules/@babel/parser/lib/index.js:13228:10)
    at JSXParserMixin.parseProgram (/home/kavia/workspace/code-generation/travelsmart-ai-72-e2071575/travelsmart_ai/node_modules/@babel/parser/lib/index.js:12541:10)
    at JSXParserMixin.parseTopLevel (/home/kavia/workspace/code-generation/travelsmart-ai-72-e2071575/travelsmart_ai/node_modules/@babel/parser/lib/index.js:12531:25)
    at JSXParserMixin.parse (/home/kavia/workspace/code-generation/travelsmart-ai-72-e2071575/travelsmart_ai/node_modules/@babel/parser/lib/index.js:14410:10)
    at parse (/home/kavia/workspace/code-generation/travelsmart-ai-72-e2071575/travelsmart_ai/node_modules/@babel/parser/lib/index.js:14444:38)
    at parser (/home/kavia/workspace/code-generation/travelsmart-ai-72-e2071575/travelsmart_ai/node_modules/@babel/core/lib/parser/index.js:41:34)
    at parser.next (<anonymous>)
    at normalizeFile (/home/kavia/workspace/code-generation/travelsmart-ai-72-e2071575/travelsmart_ai/node_modules/@babel/core/lib/transformation/normalize-file.js:64:37)
    at normalizeFile.next (<anonymous>)
    at run (/home/kavia/workspace/code-generation/travelsmart-ai-72-e2071575/travelsmart_ai/node_modules/@babel/core/lib/transformation/index.js:22:50)
    at run.next (<anonymous>)
    at transform (/home/kavia/workspace/code-generation/travelsmart-ai-72-e2071575/travelsmart_ai/node_modules/@babel/core/lib/transform.js:22:33)
    at transform.next (<anonymous>)
    at step (/home/kavia/workspace/code-generation/travelsmart-ai-72-e2071575/travelsmart_ai/node_modules/gensync/index.js:261:32)
    at /home/kavia/workspace/code-generation/travelsmart-ai-72-e2071575/travelsmart_ai/node_modules/gensync/index.js:273:13
    at async.call.result.err.err (/home/kavia/workspace/code-generation/travelsmart-ai-72-e2071575/travelsmart_ai/node_modules/gensync/index.js:223:11)
 @ ./src/index.js 5:0-24 11:32-35

webpack 5.99.9 compiled with 1 error in 39 ms
assets by status 1.92 KiB [cached] 1 asset
assets by path *.js 1.39 MiB
  asset bundle.js 1.38 MiB [emitted] (name: main)
  asset main.28353d576382ca63102d.hot-update.js 8.34 KiB [emitted] [immutable] [hmr] (name: main)
asset main.28353d576382ca63102d.hot-update.json 28 bytes [emitted] [immutable] [hmr]
Entrypoint main 1.39 MiB = bundle.js 1.38 MiB main.28353d576382ca63102d.hot-update.js 8.34 KiB
cached modules 1.26 MiB [cached] 38 modules
runtime modules 27.5 KiB 14 modules
javascript modules 4.22 KiB
  ./src/index.js 530 bytes [code generated]
  ./src/App.js 3.7 KiB [built] [code generated]
webpack 5.99.9 compiled successfully in 87 ms
assets by status 1.92 KiB [cached] 1 asset
assets by path *.js 2.32 MiB
  asset bundle.js 1.85 MiB [emitted] (name: main)
  asset main.8bfcb7c3e788d391b6c3.hot-update.js 485 KiB [emitted] [immutable] [hmr] (name: main)
asset main.8bfcb7c3e788d391b6c3.hot-update.json 28 bytes [emitted] [immutable] [hmr]
Entrypoint main 2.32 MiB = bundle.js 1.85 MiB main.8bfcb7c3e788d391b6c3.hot-update.js 485 KiB
cached modules 1.26 MiB [cached] 39 modules
runtime modules 27.5 KiB 14 modules
orphan modules 12.8 KiB [orphan] 3 modules
javascript modules 431 KiB
  modules by path ./src/ 52 KiB
    modules by path ./src/pages/*.js 42.7 KiB 4 modules
    modules by path ./src/*.css 5.29 KiB
      ./src/App.css 2.22 KiB [built] [code generated]
      ./node_modules/css-loader/dist/cjs.js!./src/App.css 3.07 KiB [built] [code generated]
    ./src/App.js 4 KiB [built] [code generated]
  modules by path ./node_modules/ 379 KiB
    ./node_modules/react-router/dist/development/chunk-NL6KNZEE.mjs 365 KiB [built] [code generated]
    ./node_modules/react-router/node_modules/cookie/dist/index.js 8.14 KiB [built] [code generated]
    ./node_modules/set-cookie-parser/lib/set-cookie.js 6.47 KiB [built] [code generated]
webpack 5.99.9 compiled successfully in 538 ms
assets by status 1.85 MiB [cached] 2 assets
cached modules 1.69 MiB (javascript) 27.5 KiB (runtime) [cached] 65 modules
./src/App.js 4 KiB [built]
webpack 5.99.9 compiled successfully in 44 ms
